sda - sata disk 1
sdb - sata disk 2
sdc - sata disk 3

had - pata disk 1



[ec2-user@ip-172-31-33-140 ~]$ sudo sh -
sh-5.2# exit
exit
[ec2-user@ip-172-31-33-140 ~]$ sudo su -
Last login: Tue Jun 18 04:05:21 UTC 2024 on pts/1
[root@ip-172-31-33-140 ~]# sudo aryan
sudo: aryan: command not found
[root@ip-172-31-33-140 ~]# pwd
/root
[root@ip-172-31-33-140 ~]# cat ls
cat: ls: No such file or directory
[root@ip-172-31-33-140 ~]# su aryan
[aryan@ip-172-31-33-140 root]$ sudo fdisk /dev/xvdb

We trust you have received the usual lecture from the local System
Administrator. It usually boils down to these three things:

    #1) Respect the privacy of others.
    #2) Think before you type.
    #3) With great power comes great responsibility.

For security reasons, the password you type will not be visible.

[sudo] password for aryan:
aryan is not in the sudoers file.
[aryan@ip-172-31-33-140 root]$ vim /etc/sudoers
[aryan@ip-172-31-33-140 root]$ exit
exit
[root@ip-172-31-33-140 ~]# vim /etc/sudoers
[root@ip-172-31-33-140 ~]# sudo fdik /dev/xvdv
/etc/sudoers:101:17: expected a fully-qualified path name
aryan   ALL=(ALL)       fdisk /dev/xvdb
                ^~~~~
sudo: fdik: command not found
[root@ip-172-31-33-140 ~]# sudo fdisk /dev/xvdb
/etc/sudoers:101:17: expected a fully-qualified path name
aryan   ALL=(ALL)       fdisk /dev/xvdb

                ^~~~~

Welcome to fdisk (util-linux 2.37.4).

Changes will remain in memory only, until you decide to write them.
Be careful before using the write command.

fdisk: cannot open /dev/xvdb: No such file or directory
[root@ip-172-31-33-140 ~]# lsblk



##
NAME      MAJ:MIN RM SIZE RO TYPE MOUNTPOINTS
xvda      202:0    0   8G  0 disk
├─xvda1   202:1    0   8G  0 part /
├─xvda127 259:0    0   1M  0 part
└─xvda128 259:1    0  10M  0 part /boot/efi
[root@ip-172-31-33-140 ~]# client_loop: send disconnect: Connection reset
PS C:\Users\10743412\Downloads> ssh -i "Mindtree.pem" ec2-user@ec2-3-90-237-5.compute-1.amazonaws.com
   ,     #_
   ~\_  ####_        Amazon Linux 2023
  ~~  \_#####\
  ~~     \###|
  ~~       \#/ ___   https://aws.amazon.com/linux/amazon-linux-2023
   ~~       V~' '->
    ~~~         /
      ~~._.   _/
         _/ _/
       _/m/'
Last login: Tue Jun 18 05:25:39 2024 from 136.226.233.21
[ec2-user@ip-172-31-33-140 ~]$ su aryan
Password:
[aryan@ip-172-31-33-140 ec2-user]$ vim /etc/sudoers
[aryan@ip-172-31-33-140 ec2-user]$ exit
exit
[ec2-user@ip-172-31-33-140 ~]$ vim /etc/sudoers
[ec2-user@ip-172-31-33-140 ~]$ sudo su
/etc/sudoers:101:17: expected a fully-qualified path name
aryan   ALL=(ALL)       fdisk /dev/xvdb
                ^~~~~
[root@ip-172-31-33-140 ec2-user]# vim /etc/sudoers
"/etc/sudoers" 122L, 4409B written
[root@ip-172-31-33-140 ec2-user]# sudo fdisk /dev/sdb
/etc/sudoers:101:17: expected a fully-qualified path name
aryan   ALL=(ALL)       fdisk /dev/sdb
                ^~~~~

Welcome to fdisk (util-linux 2.37.4).
Changes will remain in memory only, until you decide to write them.
Be careful before using the write command.

Device does not contain a recognized partition table.
Created a new DOS disklabel with disk identifier 0x608ecaee.

Command (m for help): m

Help:

  DOS (MBR)
   a   toggle a bootable flag
   b   edit nested BSD disklabel
   c   toggle the dos compatibility flag

  Generic
   d   delete a partition
   F   list free unpartitioned space
   l   list known partition types
   n   add a new partition
   p   print the partition table
   t   change a partition type
   v   verify the partition table
   i   print information about a partition

  Misc
   m   print this menu
   u   change display/entry units
   x   extra functionality (experts only)

  Script
   I   load disk layout from sfdisk script file
   O   dump disk layout to sfdisk script file

  Save & Exit
   w   write table to disk and exit
   q   quit without saving changes

  Create a new label
   g   create a new empty GPT partition table
   G   create a new empty SGI (IRIX) partition table
   o   create a new empty DOS partition table
   s   create a new empty Sun partition table


Command (m for help): q

[root@ip-172-31-33-140 ec2-user]# lsblk
NAME      MAJ:MIN RM SIZE RO TYPE MOUNTPOINTS
xvda      202:0    0   8G  0 disk
├─xvda1   202:1    0   8G  0 part /
├─xvda127 259:0    0   1M  0 part
└─xvda128 259:1    0  10M  0 part /boot/efi
xvdb      202:16   0   5G  0 disk
[root@ip-172-31-33-140 ec2-user]# fdisk /dev/sdb

Welcome to fdisk (util-linux 2.37.4).
Changes will remain in memory only, until you decide to write them.
Be careful before using the write command.

Device does not contain a recognized partition table.
Created a new DOS disklabel with disk identifier 0x4a9a8bf6.

Command (m for help): n
Partition type
   p   primary (0 primary, 0 extended, 4 free)
   e   extended (container for logical partitions)
Select (default p): e
Partition number (1-4, default 1): 3
First sector (2048-10485759, default 2048):
Last sector, +/-sectors or +/-size{K,M,G,T,P} (2048-10485759, default 10485759): +2

Created a new partition 3 of type 'Extended' and of size 1.5 KiB.

Command (m for help): n
Partition type
   p   primary (0 primary, 1 extended, 3 free)
   l   logical (numbered from 5)
Select (default p): p
Partition number (1,2,4, default 1): 2
First sector (2051-10485759, default 4096):
Last sector, +/-sectors or +/-size{K,M,G,T,P} (4096-10485759, default 10485759): +2500M

Created a new partition 2 of type 'Linux' and of size 2.4 GiB.

Command (m for help): q

[root@ip-172-31-33-140 ec2-user]# lsblk
NAME      MAJ:MIN RM SIZE RO TYPE MOUNTPOINTS
xvda      202:0    0   8G  0 disk
├─xvda1   202:1    0   8G  0 part /
├─xvda127 259:0    0   1M  0 part
└─xvda128 259:1    0  10M  0 part /boot/efi
xvdb      202:16   0   5G  0 disk
[root@ip-172-31-33-140 ec2-user]# blkid
/dev/xvda128: SEC_TYPE="msdos" UUID="D6C4-DA90" BLOCK_SIZE="512" TYPE="vfat" PARTLABEL="EFI System Partition" PARTUUID="11e41d8e-dee8-4c97-a1e4-9dab7d22bf71"
/dev/xvda127: PARTLABEL="BIOS Boot Partition" PARTUUID="9c4a6d1a-eaff-4f1c-81e9-c078d27058e9"
/dev/xvda1: LABEL="/" UUID="f2b2ef41-737e-43c2-8746-a8a3b0a9feb8" BLOCK_SIZE="4096" TYPE="xfs" PARTLABEL="Linux" PARTUUID="78211cfb-c3f9-4d33-8fa9-b74de39853b2"
[root@ip-172-31-33-140 ec2-user]# sudo fdisk -l
/etc/sudoers:101:17: expected a fully-qualified path name
aryan   ALL=(ALL)       fdisk /dev/sdb
                ^~~~~
Disk /dev/xvda: 8 GiB, 8589934592 bytes, 16777216 sectors
Units: sectors of 1 * 512 = 512 bytes
Sector size (logical/physical): 512 bytes / 512 bytes
I/O size (minimum/optimal): 512 bytes / 512 bytes
Disklabel type: gpt
Disk identifier: E7533E05-14AD-4F2C-A55A-B1A13A31B73E

Device       Start      End  Sectors Size Type
/dev/xvda1   24576 16777182 16752607   8G Linux filesystem
/dev/xvda127 22528    24575     2048   1M BIOS boot
/dev/xvda128  2048    22527    20480  10M EFI System

Partition table entries are not in disk order.


Disk /dev/xvdb: 5 GiB, 5368709120 bytes, 10485760 sectors
Units: sectors of 1 * 512 = 512 bytes
Sector size (logical/physical): 512 bytes / 512 bytes
I/O size (minimum/optimal): 512 bytes / 512 bytes
[root@ip-172-31-33-140 ec2-user]# fdisk /dev/sdb

Welcome to fdisk (util-linux 2.37.4).
Changes will remain in memory only, until you decide to write them.
Be careful before using the write command.

Device does not contain a recognized partition table.
Created a new DOS disklabel with disk identifier 0xb813e93f.

Command (m for help): n
Partition type
   p   primary (0 primary, 0 extended, 4 free)
   e   extended (container for logical partitions)
Select (default p): e
Partition number (1-4, default 1): 3
First sector (2048-10485759, default 2048):
Last sector, +/-sectors or +/-size{K,M,G,T,P} (2048-10485759, default 10485759): +3G

Created a new partition 3 of type 'Extended' and of size 3 GiB.

Command (m for help): m

Help:

  DOS (MBR)
   a   toggle a bootable flag
   b   edit nested BSD disklabel
   c   toggle the dos compatibility flag

  Generic
   d   delete a partition
   F   list free unpartitioned space
   l   list known partition types
   n   add a new partition
   p   print the partition table
   t   change a partition type
   v   verify the partition table
   i   print information about a partition

  Misc
   m   print this menu
   u   change display/entry units
   x   extra functionality (experts only)

  Script
   I   load disk layout from sfdisk script file
   O   dump disk layout to sfdisk script file

  Save & Exit
   w   write table to disk and exit
   q   quit without saving changes

  Create a new label
   g   create a new empty GPT partition table
   G   create a new empty SGI (IRIX) partition table
   o   create a new empty DOS partition table
   s   create a new empty Sun partition table


Command (m for help): v
No errors detected.
Remaining 10485759 unallocated 512-byte sectors.

Command (m for help): w
The partition table has been altered.
Calling ioctl() to re-read partition table.
Syncing disks.

[root@ip-172-31-33-140 ec2-user]# blkid
/dev/xvda128: SEC_TYPE="msdos" UUID="D6C4-DA90" BLOCK_SIZE="512" TYPE="vfat" PARTLABEL="EFI System Partition" PARTUUID="11e41d8e-dee8-4c97-a1e4-9dab7d22bf71"
/dev/xvda1: LABEL="/" UUID="f2b2ef41-737e-43c2-8746-a8a3b0a9feb8" BLOCK_SIZE="4096" TYPE="xfs" PARTLABEL="Linux" PARTUUID="78211cfb-c3f9-4d33-8fa9-b74de39853b2"
/dev/xvda127: PARTLABEL="BIOS Boot Partition" PARTUUID="9c4a6d1a-eaff-4f1c-81e9-c078d27058e9"
/dev/xvdb: PTUUID="b813e93f" PTTYPE="dos"
[root@ip-172-31-33-140 ec2-user]# lsblk
NAME      MAJ:MIN RM SIZE RO TYPE MOUNTPOINTS
xvda      202:0    0   8G  0 disk
├─xvda1   202:1    0   8G  0 part /
├─xvda127 259:0    0   1M  0 part
└─xvda128 259:1    0  10M  0 part /boot/efi
xvdb      202:16   0   5G  0 disk
└─xvdb3   202:19   0   1K  0 part
[root@ip-172-31-33-140 ec2-user]# fdisk /dev/sdb

Welcome to fdisk (util-linux 2.37.4).
Changes will remain in memory only, until you decide to write them.
Be careful before using the write command.


Command (m for help): n
Partition type
   p   primary (0 primary, 1 extended, 3 free)
   l   logical (numbered from 5)
Select (default p): p
Partition number (1,2,4, default 1): 2
First sector (6293504-10485759, default 6293504): 2000M
Value out of range.
First sector (6293504-10485759, default 6293504): +2000M
Value out of range.
First sector (6293504-10485759, default 6293504): +200M
Value out of range.
First sector (6293504-10485759, default 6293504):
Command (m for help): q

[root@ip-172-31-33-140 ec2-user]# cd
[root@ip-172-31-33-140 ~]# fdisk /dev/sdb

Welcome to fdisk (util-linux 2.37.4).
Changes will remain in memory only, until you decide to write them.
Be careful before using the write command.


Command (m for help): n
Partition type
   p   primary (0 primary, 1 extended, 3 free)
   l   logical (numbered from 5)
Select (default p): l

Adding logical partition 5
First sector (4096-6293503, default 4096):
Command (m for help): q

[root@ip-172-31-33-140 ~]# fdisk -l
Disk /dev/xvda: 8 GiB, 8589934592 bytes, 16777216 sectors
Units: sectors of 1 * 512 = 512 bytes
Sector size (logical/physical): 512 bytes / 512 bytes
I/O size (minimum/optimal): 512 bytes / 512 bytes
Disklabel type: gpt
Disk identifier: E7533E05-14AD-4F2C-A55A-B1A13A31B73E

Device       Start      End  Sectors Size Type
/dev/xvda1   24576 16777182 16752607   8G Linux filesystem
/dev/xvda127 22528    24575     2048   1M BIOS boot
/dev/xvda128  2048    22527    20480  10M EFI System

Partition table entries are not in disk order.


Disk /dev/xvdb: 5 GiB, 5368709120 bytes, 10485760 sectors
Units: sectors of 1 * 512 = 512 bytes
Sector size (logical/physical): 512 bytes / 512 bytes
I/O size (minimum/optimal): 512 bytes / 512 bytes
Disklabel type: dos
Disk identifier: 0xb813e93f

Device     Boot Start     End Sectors Size Id Type
/dev/xvdb3       2048 6293503 6291456   3G  5 Extended
[root@ip-172-31-33-140 ~]# fdisk /dev/sdb

Welcome to fdisk (util-linux 2.37.4).
Changes will remain in memory only, until you decide to write them.
Be careful before using the write command.


Command (m for help): n
Partition type
   p   primary (0 primary, 1 extended, 3 free)
   l   logical (numbered from 5)
Select (default p): l

Adding logical partition 5
First sector (4096-6293503, default 4096):
Last sector, +/-sectors or +/-size{K,M,G,T,P} (4096-6293503, default 6293503): +1G

Created a new partition 5 of type 'Linux' and of size 1 GiB.

Command (m for help): w
The partition table has been altered.
Calling ioctl() to re-read partition table.
Syncing disks.

[root@ip-172-31-33-140 ~]# fdisk /dev/sdb

Welcome to fdisk (util-linux 2.37.4).
Changes will remain in memory only, until you decide to write them.
Be careful before using the write command.


Command (m for help): n
Partition type
   p   primary (0 primary, 1 extended, 3 free)
   l   logical (numbered from 5)
Select (default p): l

Adding logical partition 6
First sector (2103296-6293503, default 2103296):
Last sector, +/-sectors or +/-size{K,M,G,T,P} (2103296-6293503, default 6293503): +900M

Created a new partition 6 of type 'Linux' and of size 900 MiB.

Command (m for help): w
The partition table has been altered.
Calling ioctl() to re-read partition table.
Syncing disks.

[root@ip-172-31-33-140 ~]# fdisk -l
Disk /dev/xvda: 8 GiB, 8589934592 bytes, 16777216 sectors
Units: sectors of 1 * 512 = 512 bytes
Sector size (logical/physical): 512 bytes / 512 bytes
I/O size (minimum/optimal): 512 bytes / 512 bytes
Disklabel type: gpt
Disk identifier: E7533E05-14AD-4F2C-A55A-B1A13A31B73E



Device       Start      End  Sectors Size Type
/dev/xvda1   24576 16777182 16752607   8G Linux filesystem
/dev/xvda127 22528    24575     2048   1M BIOS boot
/dev/xvda128  2048    22527    20480  10M EFI System

Partition table entries are not in disk order.


Disk /dev/xvdb: 5 GiB, 5368709120 bytes, 10485760 sectors
Units: sectors of 1 * 512 = 512 bytes
Sector size (logical/physical): 512 bytes / 512 bytes
I/O size (minimum/optimal): 512 bytes / 512 bytes
Disklabel type: dos
Disk identifier: 0xb813e93f

Device     Boot   Start     End Sectors  Size Id Type
/dev/xvdb3         2048 6293503 6291456    3G  5 Extended
/dev/xvdb5         4096 2101247 2097152    1G 83 Linux
/dev/xvdb6      2103296 3946495 1843200  900M 83 Linux
[root@ip-172-31-33-140 ~]# wheris mount
bash: wheris: command not found
[root@ip-172-31-33-140 ~]# whereis mount
mount: /usr/bin/mount /usr/share/man/man8/mount.8.gz /usr/share/man/man2/mount.2.gz
[root@ip-172-31-33-140 ~]# vim /etc/sudoers
"/etc/sudoers" 122L, 4446B written
[root@ip-172-31-33-140 ~]# fdisk -l
Disk /dev/xvda: 8 GiB, 8589934592 bytes, 16777216 sectors
Units: sectors of 1 * 512 = 512 bytes
Sector size (logical/physical): 512 bytes / 512 bytes
I/O size (minimum/optimal): 512 bytes / 512 bytes
Disklabel type: gpt
Disk identifier: E7533E05-14AD-4F2C-A55A-B1A13A31B73E

Device       Start      End  Sectors Size Type
/dev/xvda1   24576 16777182 16752607   8G Linux filesystem
/dev/xvda127 22528    24575     2048   1M BIOS boot
/dev/xvda128  2048    22527    20480  10M EFI System

Partition table entries are not in disk order.


Disk /dev/xvdb: 5 GiB, 5368709120 bytes, 10485760 sectors
Units: sectors of 1 * 512 = 512 bytes
Sector size (logical/physical): 512 bytes / 512 bytes
I/O size (minimum/optimal): 512 bytes / 512 bytes
Disklabel type: dos
Disk identifier: 0xb813e93f

Device     Boot   Start     End Sectors  Size Id Type
/dev/xvdb3         2048 6293503 6291456    3G  5 Extended
/dev/xvdb5         4096 2101247 2097152    1G 83 Linux
/dev/xvdb6      2103296 3946495 1843200  900M 83 Linux
[root@ip-172-31-33-140 ~]# sudo mkfs.ext4/dev/xvdb5
sudo: mkfs.ext4/dev/xvdb5: command not found
[root@ip-172-31-33-140 ~]# mount /dev/sdb data
mount: data: mount point does not exist.
[root@ip-172-31-33-140 ~]# fdisk -l
Disk /dev/xvda: 8 GiB, 8589934592 bytes, 16777216 sectors
Units: sectors of 1 * 512 = 512 bytes
Sector size (logical/physical): 512 bytes / 512 bytes
I/O size (minimum/optimal): 512 bytes / 512 bytes
Disklabel type: gpt
Disk identifier: E7533E05-14AD-4F2C-A55A-B1A13A31B73E

Device       Start      End  Sectors Size Type
/dev/xvda1   24576 16777182 16752607   8G Linux filesystem
/dev/xvda127 22528    24575     2048   1M BIOS boot
/dev/xvda128  2048    22527    20480  10M EFI System

Partition table entries are not in disk order.


Disk /dev/xvdb: 5 GiB, 5368709120 bytes, 10485760 sectors
Units: sectors of 1 * 512 = 512 bytes
Sector size (logical/physical): 512 bytes / 512 bytes
I/O size (minimum/optimal): 512 bytes / 512 bytes
Disklabel type: dos
Disk identifier: 0xb813e93f

Device     Boot   Start     End Sectors  Size Id Type
/dev/xvdb3         2048 6293503 6291456    3G  5 Extended
/dev/xvdb5         4096 2101247 2097152    1G 83 Linux
/dev/xvdb6      2103296 3946495 1843200  900M 83 Linux
[root@ip-172-31-33-140 ~]# mount /dev/xvdb3 data
mount: data: mount point does not exist.
[root@ip-172-31-33-140 ~]# sudo mkfs.ext4 /dev/xvdb3
mke2fs 1.46.5 (30-Dec-2021)
mkfs.ext4: inode_size (256) * inodes_count (0) too big for a
        filesystem with 0 blocks, specify higher inode_ratio (-i)
        or lower inode count (-N).

[root@ip-172-31-33-140 ~]# fdisk -l
Disk /dev/xvda: 8 GiB, 8589934592 bytes, 16777216 sectors
Units: sectors of 1 * 512 = 512 bytes
Sector size (logical/physical): 512 bytes / 512 bytes
I/O size (minimum/optimal): 512 bytes / 512 bytes
Disklabel type: gpt
Disk identifier: E7533E05-14AD-4F2C-A55A-B1A13A31B73E

Device       Start      End  Sectors Size Type
/dev/xvda1   24576 16777182 16752607   8G Linux filesystem
/dev/xvda127 22528    24575     2048   1M BIOS boot
/dev/xvda128  2048    22527    20480  10M EFI System

Partition table entries are not in disk order.


Disk /dev/xvdb: 5 GiB, 5368709120 bytes, 10485760 sectors
Units: sectors of 1 * 512 = 512 bytes
Sector size (logical/physical): 512 bytes / 512 bytes
I/O size (minimum/optimal): 512 bytes / 512 bytes
Disklabel type: dos
Disk identifier: 0xb813e93f

Device     Boot   Start     End Sectors  Size Id Type
/dev/xvdb3         2048 6293503 6291456    3G  5 Extended
/dev/xvdb5         4096 2101247 2097152    1G 83 Linux
/dev/xvdb6      2103296 3946495 1843200  900M 83 Linux
[root@ip-172-31-33-140 ~]# sudo fdidk -l
sudo: fdidk: command not found
[root@ip-172-31-33-140 ~]# sudo fdisk -l
Disk /dev/xvda: 8 GiB, 8589934592 bytes, 16777216 sectors
Units: sectors of 1 * 512 = 512 bytes
Sector size (logical/physical): 512 bytes / 512 bytes
I/O size (minimum/optimal): 512 bytes / 512 bytes
Disklabel type: gpt
Disk identifier: E7533E05-14AD-4F2C-A55A-B1A13A31B73E

Device       Start      End  Sectors Size Type
/dev/xvda1   24576 16777182 16752607   8G Linux filesystem
/dev/xvda127 22528    24575     2048   1M BIOS boot
/dev/xvda128  2048    22527    20480  10M EFI System


Partition table entries are not in disk order.



Disk /dev/xvdb: 5 GiB, 5368709120 bytes, 10485760 sectors
Units: sectors of 1 * 512 = 512 bytes
Sector size (logical/physical): 512 bytes / 512 bytes
I/O size (minimum/optimal): 512 bytes / 512 bytes
Disklabel type: dos
Disk identifier: 0xb813e93f

Device     Boot   Start     End Sectors  Size Id Type
/dev/xvdb3         2048 6293503 6291456    3G  5 Extended
/dev/xvdb5         4096 2101247 2097152    1G 83 Linux
/dev/xvdb6      2103296 3946495 1843200  900M 83 Linux
[root@ip-172-31-33-140 ~]# sudo blkid
/dev/xvda128: SEC_TYPE="msdos" UUID="D6C4-DA90" BLOCK_SIZE="512" TYPE="vfat" PARTLABEL="EFI System Partition" PARTUUID="11e41d8e-dee8-4c97-a1e4-9dab7d22bf71"
/dev/xvda1: LABEL="/" UUID="f2b2ef41-737e-43c2-8746-a8a3b0a9feb8" BLOCK_SIZE="4096" TYPE="xfs" PARTLABEL="Linux" PARTUUID="78211cfb-c3f9-4d33-8fa9-b74de39853b2"
/dev/xvda127: PARTLABEL="BIOS Boot Partition" PARTUUID="9c4a6d1a-eaff-4f1c-81e9-c078d27058e9"
/dev/xvdb6: PARTUUID="b813e93f-06"
/dev/xvdb5: PARTUUID="b813e93f-05"
[root@ip-172-31-33-140 ~]# mount /dev/xvdb3
mount: /dev/xvdb3: can't find in /etc/fstab.
[root@ip-172-31-33-140 ~]# vim /etc/sudoers
[root@ip-172-31-33-140 ~]# vim /etc/sudoers
[root@ip-172-31-33-140 ~]# sudo aryan
sudo: aryan: command not found
[root@ip-172-31-33-140 ~]# sudo aryan -
sudo: aryan: command not found
[root@ip-172-31-33-140 ~]# sudo aryan
sudo: aryan: command not found
[root@ip-172-31-33-140 ~]# sudo su
[root@ip-172-31-33-140 ~]# sudo - aryan
sudo: -: command not found
[root@ip-172-31-33-140 ~]# su -aryan
su: invalid option -- 'a'
Try 'su --help' for more information.
[root@ip-172-31-33-140 ~]# su - aryan
Last login: Tue Jun 18 06:03:37 UTC 2024 on pts/5
[aryan@ip-172-31-33-140 ~]$ sudo mkfs.ext4 /dev/xvdb3
[sudo] password for aryan:
mke2fs 1.46.5 (30-Dec-2021)
mkfs.ext4: inode_size (256) * inodes_count (0) too big for a
        filesystem with 0 blocks, specify higher inode_ratio (-i)
        or lower inode count (-N).

[aryan@ip-172-31-33-140 ~]$ sudo mkfs.ext4 /dev/xvdb5
mke2fs 1.46.5 (30-Dec-2021)
Creating filesystem with 262144 4k blocks and 65536 inodes
Filesystem UUID: aeef082a-54bd-4db2-a35c-9c9f4a39b40e
Superblock backups stored on blocks:
        32768, 98304, 163840, 229376


Allocating group tables: done
Writing inode tables: done


Creating journal (8192 blocks): done
Writing superblocks and filesystem accounting information: done

[aryan@ip-172-31-33-140 ~]$ mkdir ext
[aryan@ip-172-31-33-140 ~]$ mount /dev/xvdb5 ext/
mount: /home/aryan/ext: must be superuser to use mount.
[aryan@ip-172-31-33-140 ~]$ sudo !!
sudo mount /dev/xvdb5 ext/
[aryan@ip-172-31-33-140 ~]$ lsblk
NAME      MAJ:MIN RM  SIZE RO TYPE MOUNTPOINTS
xvda      202:0    0    8G  0 disk
├─xvda1   202:1    0    8G  0 part /
├─xvda127 259:0    0    1M  0 part
└─xvda128 259:1    0   10M  0 part /boot/efi
xvdb      202:16   0    5G  0 disk
├─xvdb3   202:19   0    1K  0 part
├─xvdb5   202:21   0    1G  0 part /home/aryan/ext
└─xvdb6   202:22   0  900M  0 part
[aryan@ip-172-31-33-140 ~]$ vim /etc/sudoers
[aryan@ip-172-31-33-140 ~]$ exit
logout
[root@ip-172-31-33-140 ~]# vim /etc/sudoers
[root@ip-172-31-33-140 ~]# blkid
/dev/xvda128: SEC_TYPE="msdos" UUID="D6C4-DA90" BLOCK_SIZE="512" TYPE="vfat" PARTLABEL="EFI System Partition" PARTUUID="11e41d8e-dee8-4c97-a1e4-9dab7d22bf71"
/dev/xvda1: LABEL="/" UUID="f2b2ef41-737e-43c2-8746-a8a3b0a9feb8" BLOCK_SIZE="4096" TYPE="xfs" PARTLABEL="Linux" PARTUUID="78211cfb-c3f9-4d33-8fa9-b74de39853b2"
/dev/xvda127: PARTLABEL="BIOS Boot Partition" PARTUUID="9c4a6d1a-eaff-4f1c-81e9-c078d27058e9"
/dev/xvdb6: PARTUUID="b813e93f-06"
/dev/xvdb5: UUID="aeef082a-54bd-4db2-a35c-9c9f4a39b40e" BLOCK_SIZE="4096" TYPE="ext4" PARTUUID="b813e93f-05"
[root@ip-172-31-33-140 ~]#


Permanent

#
UUID=f2b2ef41-737e-43c2-8746-a8a3b0a9feb8     /           xfs    defaults,noatime  1   1
UUID=D6C4-DA90        /boot/efi       vfat    defaults,noatime,uid=0,gid=0,umask=0077,shortname=winnt,x-systemd.automount 0 2
~                                                                                                               ~                                                                                                               ~                                                                                                               ~                                                                                                               ~                                                                                                               ~                                                                                                               ~                                                                                                               ~                                                                                                               ~                                                                                                               ~                                                                                                               ~                                                                                                               ~                                                                                                               ~
~                                                                                                               ~                                                                                                               ~                                                                                                               ~                                                                                                               ~                                                                                                               ~                                                                                                               ~                                                                                                               ~                                                                                                               ~                                                                                                               ~                                                                                                               ~                                                                                                               -- INSERT --                                                                                  3,113         All


#
UUID=f2b2ef41-737e-43c2-8746-a8a3b0a9feb8     /           xfs    defaults,noatime  1   1
UUID=D6C4-DA90        /boot/efi       vfat    defaults,noatime,uid=0,gid=0,umask=0077,shortname=winnt,x-systemd.automount 0 2
UUID=aeef082a-54bd-4db2-a35c-9c9f4a39b40e       /home/aryan/ext
~                                                                                                                           ~                                                                                                                           ~                                                                                                                           ~                                                                                                                           ~                                                                                                                           ~                                                                                                                           ~                                                                                                                           ~                                                                                                                           ~                                                                                                                           ~                                                                                                                           ~                                                                                                                           ~                                                                                                                           ~                                                                                                                           ~                                                                                                                           ~                                                                                                                           ~                                                                                                                           ~                                                                                                                           ~                                                                                                                           ~                                                                                                                           ~                                                                                                                           ~                                                                                                                           ~                                                                                                                           ~                                                                                                                           ~                                                                                                                           ~                                                                                                                           -- INSERT --                                                                                              4,65          All
#
UUID=f2b2ef41-737e-43c2-8746-a8a3b0a9feb8     /           xfs    defaults,noatime  1   1
UUID=D6C4-DA90        /boot/efi       vfat    defaults,noatime,uid=0,gid=0,umask=0077,shortname=winnt,x-systemd.automount 0 2
UUID=aeef082a-54bd-4db2-a35c-9c9f4a39b40e       /home/aryan/ext
~
~
~
~
~
~
~
~
~
~
~
~
~
~
~
~
~
~
~
~
~
~
~
~
~
~
~
-- INSERT --                                                                                                       4,65          All
#
[root@ip-172-31-33-140 ~]# lsblk
NAME      MAJ:MIN RM  SIZE RO TYPE MOUNTPOINTS
xvda      202:0    0    8G  0 disk
├─xvda1   202:1    0    8G  0 part /
├─xvda127 259:0    0    1M  0 part
└─xvda128 259:1    0   10M  0 part /boot/efi
xvdb      202:16   0    5G  0 disk
├─xvdb3   202:19   0    1K  0 part
├─xvdb5   202:21   0    1G  0 part /home/aryan/ext
└─xvdb6   202:22   0  900M  0 part
[root@ip-172-31-33-140 ~]# blkid
/dev/xvda128: SEC_TYPE="msdos" UUID="D6C4-DA90" BLOCK_SIZE="512" TYPE="vfat" PARTLABEL="EFI System Partition" PARTUUID="11e41d8e-dee8-4c97-a1e4-9dab7d22bf71"
/dev/xvda1: LABEL="/" UUID="f2b2ef41-737e-43c2-8746-a8a3b0a9feb8" BLOCK_SIZE="4096" TYPE="xfs" PARTLABEL="Linux" PARTUUID="78211cfb-c3f9-4d33-8fa9-b74de39853b2"
/dev/xvdb5: UUID="aeef082a-54bd-4db2-a35c-9c9f4a39b40e" BLOCK_SIZE="4096" TYPE="ext4" PARTUUID="b813e93f-05"
/dev/xvda127: PARTLABEL="BIOS Boot Partition" PARTUUID="9c4a6d1a-eaff-4f1c-81e9-c078d27058e9"
/dev/xvdb6: PARTUUID="b813e93f-06"
[root@ip-172-31-33-140 ~]# vim /etc/fstab
[root@ip-172-31-33-140 ~]# vim /etc/fstab
[root@ip-172-31-33-140 ~]# reboot

Broadcast message from root@localhost on pts/2 (Tue 2024-06-18 08:26:30 UTC):

The system will reboot now!

[root@ip-172-31-33-140 ~]# Connection to ec2-3-90-237-5.compute-1.amazonaws.com closed by remote host.
Connection to ec2-3-90-237-5.compute-1.amazonaws.com closed.
PS C:\Users\10743412\Downloads> ssh -i "Mindtree.pem" ec2-user@ec2-3-90-237-5.compute-1.amazonaws.com
ssh: connect to host ec2-3-90-237-5.compute-1.amazonaws.com port 22: Connection timed out
PS C:\Users\10743412\Downloads> ssh -i "Mindtree.pem" ec2-user@ec2-3-90-237-5.compute-1.amazonaws.com
   ,     #_
   ~\_  ####_        Amazon Linux 2023
  ~~  \_#####\
  ~~     \###|
  ~~       \#/ ___   https://aws.amazon.com/linux/amazon-linux-2023
   ~~       V~' '->
    ~~~         /
      ~~._.   _/
         _/ _/
       _/m/'
Last login: Tue Jun 18 08:15:33 2024 from 136.226.232.246
[ec2-user@ip-172-31-33-140 ~]$ lsblk
NAME      MAJ:MIN RM  SIZE RO TYPE MOUNTPOINTS
xvda      202:0    0    8G  0 disk
├─xvda1   202:1    0    8G  0 part /
├─xvda127 259:0    0    1M  0 part
└─xvda128 259:1    0   10M  0 part /boot/efi
xvdb      202:16   0    5G  0 disk
├─xvdb3   202:19   0    1K  0 part
├─xvdb5   202:21   0    1G  0 part /home/aryan/ext
└─xvdb6   202:22   0  900M  0 part
[ec2-user@ip-172-31-33-140 ~]$
